
> backend-encrocante@1.0.0 test
> node --experimental-vm-modules node_modules/jest/bin/jest.js --runInBand tests/pedidos.test.js

node.exe : [baseline-browser-mapping] The 
data in this module is over two months old. 
 To ensure accurate Baseline data, please 
update: `npm i 
baseline-browser-mapping@latest -D`
En línea: 1 Carácter: 1
+ & "C:\Program Files\nodejs/node.exe" 
"C:\Program Files\nodejs/node_mo ...
+ ~~~~~~~~~~~~~~~~~~~~~~~~~~~~~~~~~~~~~~~~~~
~~~~~~~~~~~~~~~~~~~~~~~~~~~
    + CategoryInfo          : NotSpecified: 
    ([baseline-brows...ping@latest -D`:Str  
  ing) [], RemoteException
    + FullyQualifiedErrorId : NativeCommand 
   Error
 
  console.log
    [dotenv@17.2.2] injecting env (7) from .env -- tip: ÔÜÖ´©Å  override existing env vars with { override: true }

      at _log (node_modules/dotenv/lib/main.js:139:11)

  console.log
    Ô£à Pool de conexiones a MySQL creado.

      at log (src/config/db.js:18:9)

  console.log
    [dotenv@17.2.2] injecting env (0) from .env -- tip: ­ƒôí observe env with Radar: https://dotenvx.com/radar

      at _log (node_modules/dotenv/lib/main.js:139:11)

(node:15452) ExperimentalWarning: VM 
Modules is an experimental feature and 
might change at any time
(Use `node --trace-warnings ...` to show 
where the warning was created)
  console.error
    Error: Cannot add or update a child row: a foreign key constraint fails (`encrocante_db`.`pedidos`, CONSTRAINT `pedidos_ibfk_3` FOREIGN KEY (`usuario_id`) REFERENCES `usuarios` (`id`))
        at PromisePoolConnection.query (C:\Users\Admin\AndroidStudioProjects\backend-encrocante\node_modules\mysql2\lib\promise\connection.js:29:22)
        at query (C:\Users\Admin\AndroidStudioProjects\backend-encrocante\src\models\pedido.js:157:45)
        at processTicksAndRejections (node:internal/process/task_queues:105:5)
        at crearPedido (C:\Users\Admin\AndroidStudioProjects\backend-encrocante\src\controllers\pedidosController.js:140:25)

    [0m [90m  6 |[39m   [90m// Imprimir el error en la consola para debugging[39m
     [90m  7 |[39m   [90m// err.stack proporciona m├ís detalles, incluyendo la l├¡nea donde ocurri├│ el error[39m
    [31m[1m>[22m[39m[90m  8 |[39m   console[33m.[39merror(err[33m.[39mstack)[33m;[39m
     [90m    |[39m           [31m[1m^[22m[39m
     [90m  9 |[39m
     [90m 10 |[39m   [90m// Enviar una respuesta gen├®rica de error al cliente[39m
     [90m 11 |[39m   [90m// Es una buena pr├íctica no filtrar detalles del error al cliente en producci├│n[39m[0m

      at error (src/middlewares/errorMiddleware.js:8:11)
      at Layer.handleError (node_modules/router/lib/layer.js:116:17)
      at trimPrefix (node_modules/router/index.js:340:13)
      at node_modules/router/index.js:297:9
      at processParams (node_modules/router/index.js:582:12)
      at next (node_modules/router/index.js:291:5)
      at node_modules/router/index.js:688:15
      at next (node_modules/router/index.js:276:14)
      at next (node_modules/router/lib/route.js:132:14)
      at next (src/controllers/pedidosController.js:156:5)

  console.error
    Error: Cannot add or update a child row: a foreign key constraint fails (`encrocante_db`.`pedidos`, CONSTRAINT `pedidos_ibfk_3` FOREIGN KEY (`usuario_id`) REFERENCES `usuarios` (`id`))
        at PromisePoolConnection.query (C:\Users\Admin\AndroidStudioProjects\backend-encrocante\node_modules\mysql2\lib\promise\connection.js:29:22)
        at query (C:\Users\Admin\AndroidStudioProjects\backend-encrocante\src\models\pedido.js:157:45)
        at processTicksAndRejections (node:internal/process/task_queues:105:5)
        at crearPedido (C:\Users\Admin\AndroidStudioProjects\backend-encrocante\src\controllers\pedidosController.js:140:25)

    [0m [90m  6 |[39m   [90m// Imprimir el error en la consola para debugging[39m
     [90m  7 |[39m   [90m// err.stack proporciona m├ís detalles, incluyendo la l├¡nea donde ocurri├│ el error[39m
    [31m[1m>[22m[39m[90m  8 |[39m   console[33m.[39merror(err[33m.[39mstack)[33m;[39m
     [90m    |[39m           [31m[1m^[22m[39m
     [90m  9 |[39m
     [90m 10 |[39m   [90m// Enviar una respuesta gen├®rica de error al cliente[39m
     [90m 11 |[39m   [90m// Es una buena pr├íctica no filtrar detalles del error al cliente en producci├│n[39m[0m

      at error (src/middlewares/errorMiddleware.js:8:11)
      at Layer.handleError (node_modules/router/lib/layer.js:116:17)
      at trimPrefix (node_modules/router/index.js:340:13)
      at node_modules/router/index.js:297:9
      at processParams (node_modules/router/index.js:582:12)
      at next (node_modules/router/index.js:291:5)
      at node_modules/router/index.js:688:15
      at next (node_modules/router/index.js:276:14)
      at next (node_modules/router/lib/route.js:132:14)
      at next (src/controllers/pedidosController.js:156:5)

  console.error
    Error creando pedido en test: { message: 'Ocurri├│ un error inesperado en el servidor.', error: {} }

    [0m [90m  95 |[39m       [90m// Check validation helper or controller logic if this fails (e.g. mesa not found)[39m
     [90m  96 |[39m       [36mif[39m (nuevoPedidoRes[33m.[39mstatusCode [33m!==[39m [35m201[39m) {
    [31m[1m>[22m[39m[90m  97 |[39m         console[33m.[39merror([32m'Error creando pedido en test:'[39m[33m,[39m nuevoPedidoRes[33m.[39mbody)[33m;[39m
     [90m     |[39m                 [31m[1m^[22m[39m
     [90m  98 |[39m       }
     [90m  99 |[39m       expect(nuevoPedidoRes[33m.[39mstatusCode)[33m.[39mtoBe([35m201[39m)[33m;[39m
     [90m 100 |[39m[0m

      at Object.error (tests/pedidos.test.js:97:17)

  console.error
    Error: Cannot add or update a child row: a foreign key constraint fails (`encrocante_db`.`pedidos`, CONSTRAINT `pedidos_ibfk_3` FOREIGN KEY (`usuario_id`) REFERENCES `usuarios` (`id`))
        at PromisePoolConnection.query (C:\Users\Admin\AndroidStudioProjects\backend-encrocante\node_modules\mysql2\lib\promise\connection.js:29:22)
        at query (C:\Users\Admin\AndroidStudioProjects\backend-encrocante\src\models\pedido.js:157:45)
        at processTicksAndRejections (node:internal/process/task_queues:105:5)
        at crearPedido (C:\Users\Admin\AndroidStudioProjects\backend-encrocante\src\controllers\pedidosController.js:140:25)

    [0m [90m  6 |[39m   [90m// Imprimir el error en la consola para debugging[39m
     [90m  7 |[39m   [90m// err.stack proporciona m├ís detalles, incluyendo la l├¡nea donde ocurri├│ el error[39m
    [31m[1m>[22m[39m[90m  8 |[39m   console[33m.[39merror(err[33m.[39mstack)[33m;[39m
     [90m    |[39m           [31m[1m^[22m[39m
     [90m  9 |[39m
     [90m 10 |[39m   [90m// Enviar una respuesta gen├®rica de error al cliente[39m
     [90m 11 |[39m   [90m// Es una buena pr├íctica no filtrar detalles del error al cliente en producci├│n[39m[0m

      at error (src/middlewares/errorMiddleware.js:8:11)
      at Layer.handleError (node_modules/router/lib/layer.js:116:17)
      at trimPrefix (node_modules/router/index.js:340:13)
      at node_modules/router/index.js:297:9
      at processParams (node_modules/router/index.js:582:12)
      at next (node_modules/router/index.js:291:5)
      at node_modules/router/index.js:688:15
      at next (node_modules/router/index.js:276:14)
      at next (node_modules/router/lib/route.js:132:14)
      at next (src/controllers/pedidosController.js:156:5)

  console.error
    Error: Cannot add or update a child row: a foreign key constraint fails (`encrocante_db`.`pedidos`, CONSTRAINT `pedidos_ibfk_3` FOREIGN KEY (`usuario_id`) REFERENCES `usuarios` (`id`))
        at PromisePoolConnection.query (C:\Users\Admin\AndroidStudioProjects\backend-encrocante\node_modules\mysql2\lib\promise\connection.js:29:22)
        at query (C:\Users\Admin\AndroidStudioProjects\backend-encrocante\src\models\pedido.js:157:45)
        at processTicksAndRejections (node:internal/process/task_queues:105:5)
        at crearPedido (C:\Users\Admin\AndroidStudioProjects\backend-encrocante\src\controllers\pedidosController.js:140:25)

    [0m [90m  6 |[39m   [90m// Imprimir el error en la consola para debugging[39m
     [90m  7 |[39m   [90m// err.stack proporciona m├ís detalles, incluyendo la l├¡nea donde ocurri├│ el error[39m
    [31m[1m>[22m[39m[90m  8 |[39m   console[33m.[39merror(err[33m.[39mstack)[33m;[39m
     [90m    |[39m           [31m[1m^[22m[39m
     [90m  9 |[39m
     [90m 10 |[39m   [90m// Enviar una respuesta gen├®rica de error al cliente[39m
     [90m 11 |[39m   [90m// Es una buena pr├íctica no filtrar detalles del error al cliente en producci├│n[39m[0m

      at error (src/middlewares/errorMiddleware.js:8:11)
      at Layer.handleError (node_modules/router/lib/layer.js:116:17)
      at trimPrefix (node_modules/router/index.js:340:13)
      at node_modules/router/index.js:297:9
      at processParams (node_modules/router/index.js:582:12)
      at next (node_modules/router/index.js:291:5)
      at node_modules/router/index.js:688:15
      at next (node_modules/router/index.js:276:14)
      at next (node_modules/router/lib/route.js:132:14)
      at next (src/controllers/pedidosController.js:156:5)

  console.error
    Error: Cannot add or update a child row: a foreign key constraint fails (`encrocante_db`.`pedidos`, CONSTRAINT `pedidos_ibfk_3` FOREIGN KEY (`usuario_id`) REFERENCES `usuarios` (`id`))
        at PromisePoolConnection.query (C:\Users\Admin\AndroidStudioProjects\backend-encrocante\node_modules\mysql2\lib\promise\connection.js:29:22)
        at query (C:\Users\Admin\AndroidStudioProjects\backend-encrocante\src\models\pedido.js:157:45)
        at processTicksAndRejections (node:internal/process/task_queues:105:5)
        at crearPedido (C:\Users\Admin\AndroidStudioProjects\backend-encrocante\src\controllers\pedidosController.js:140:25)

    [0m [90m  6 |[39m   [90m// Imprimir el error en la consola para debugging[39m
     [90m  7 |[39m   [90m// err.stack proporciona m├ís detalles, incluyendo la l├¡nea donde ocurri├│ el error[39m
    [31m[1m>[22m[39m[90m  8 |[39m   console[33m.[39merror(err[33m.[39mstack)[33m;[39m
     [90m    |[39m           [31m[1m^[22m[39m
     [90m  9 |[39m
     [90m 10 |[39m   [90m// Enviar una respuesta gen├®rica de error al cliente[39m
     [90m 11 |[39m   [90m// Es una buena pr├íctica no filtrar detalles del error al cliente en producci├│n[39m[0m

      at error (src/middlewares/errorMiddleware.js:8:11)
      at Layer.handleError (node_modules/router/lib/layer.js:116:17)
      at trimPrefix (node_modules/router/index.js:340:13)
      at node_modules/router/index.js:297:9
      at processParams (node_modules/router/index.js:582:12)
      at next (node_modules/router/index.js:291:5)
      at node_modules/router/index.js:688:15
      at next (node_modules/router/index.js:276:14)
      at next (node_modules/router/lib/route.js:132:14)
      at next (src/controllers/pedidosController.js:156:5)

FAIL tests/pedidos.test.js
  Pedidos API
    GET /pedidos
      ├ù deber├¡a obtener una lista de 
pedidos con rol admin (422 ms)
      ÔêÜ deber├¡a responder con 401 si no 
se proporciona token (401 ms)
    PATCH /pedidos/:id/estado
      ├ù deber├¡a actualizar el estado de 
un pedido con rol admin y responder con 200 
(370 ms)
      ├ù deber├¡a responder con 403 si un 
mesero intenta actualizar el estado (312 ms)
      ÔêÜ deber├¡a responder con 404 si el 
pedido a actualizar no existe (325 ms)
    DELETE /pedidos/:id
      ├ù deber├¡a responder con 403 si un 
mesero intenta eliminar un pedido (323 ms)
      ├ù deber├¡a eliminar un pedido con 
rol admin y responder con 200 (333 ms)
      ÔêÜ deber├¡a responder con 404 si el 
pedido a eliminar no existe (349 ms)

  ÔùÅ Pedidos API ÔÇ║ GET /pedidos ÔÇ║ 
deber├¡a obtener una lista de pedidos con 
rol admin

    
expect(received).toBeGreaterThan(expected)

    Expected: > 0
    Received:   0

    [0m [90m 70 |[39m       expect(respon
se[33m.[39mstatusCode)[33m.[39mtoBe([35
m200[39m)[33m;[39m
     [90m 71 |[39m       expect([33mArray
[39m[33m.[39misArray(response[33m.[39mb
ody))[33m.[39mtoBe([36mtrue[39m)[33m;[
39m
    [31m[1m>[22m[39m[90m 72 |[39m     
  expect(response[33m.[39mbody[33m.[39ml
ength)[33m.[39mtoBeGreaterThan([35m0[39m
)[33m;[39m
     [90m    |[39m                        
            [31m[1m^[22m[39m
     [90m 73 |[39m     })[33m;[39m
     [90m 74 |[39m
     [90m 75 |[39m     it([32m'deber├¡a 
responder con 401 si no se proporciona 
token'[39m[33m,[39m [36masync[39m () 
[33m=>[39m {[0m

      at Object.toBeGreaterThan 
(tests/pedidos.test.js:72:36)

  ÔùÅ Pedidos API ÔÇ║ PATCH 
/pedidos/:id/estado ÔÇ║ deber├¡a actualizar 
el estado de un pedido con rol admin y 
responder con 200

    expect(received).toBe(expected) // 
Object.is equality

    Expected: 201
    Received: 500

    [0m [90m  97 |[39m         
console[33m.[39merror([32m'Error creando 
pedido en test:'[39m[33m,[39m 
nuevoPedidoRes[33m.[39mbody)[33m;[39m
     [90m  98 |[39m       }
    [31m[1m>[22m[39m[90m  99 |[39m    
   expect(nuevoPedidoRes[33m.[39mstatusCod
e)[33m.[39mtoBe([35m201[39m)[33m;[39m
     [90m     |[39m                       
                  [31m[1m^[22m[39m
     [90m 100 |[39m
     [90m 101 |[39m       [36mconst[39m 
pedidoCreadoId [33m=[39m nuevoPedidoRes[3
3m.[39mbody[33m.[39mpedido[33m.[39mid[
33m;[39m
     [90m 102 |[39m[0m

      at Object.toBe 
(tests/pedidos.test.js:99:41)

  ÔùÅ Pedidos API ÔÇ║ PATCH 
/pedidos/:id/estado ÔÇ║ deber├¡a responder 
con 403 si un mesero intenta actualizar el 
estado

    TypeError: Cannot read properties of 
undefined (reading 'id')

    [0m [90m 123 |[39m           
detalles[33m:[39m [{ 
platillo_id[33m:[39m 
platilloId[33m,[39m cantidad[33m:[39m 
[35m1[39m }]
     [90m 124 |[39m         })[33m;[39m
    [31m[1m>[22m[39m[90m 125 |[39m    
   [36mconst[39m pedidoCreadoId 
[33m=[39m nuevoPedidoRes[33m.[39mbody[3
3m.[39mpedido[33m.[39mid[33m;[39m
     [90m     |[39m                       
                                  
[31m[1m^[22m[39m
     [90m 126 |[39m
     [90m 127 |[39m       [90m// 2. 
Intentar actualizar con mesero[39m
     [90m 128 |[39m       [36mconst[39m 
response [33m=[39m [36mawait[39m 
request(app)[0m

      at Object.id 
(tests/pedidos.test.js:125:57)

  ÔùÅ Pedidos API ÔÇ║ DELETE /pedidos/:id 
ÔÇ║ deber├¡a responder con 403 si un mesero 
intenta eliminar un pedido

    TypeError: Cannot read properties of 
undefined (reading 'id')

    [0m [90m 157 |[39m           
detalles[33m:[39m [{ 
platillo_id[33m:[39m 
platilloId[33m,[39m cantidad[33m:[39m 
[35m1[39m }]
     [90m 158 |[39m         })[33m;[39m
    [31m[1m>[22m[39m[90m 159 |[39m    
   [36mconst[39m pedidoCreadoId 
[33m=[39m nuevoPedidoRes[33m.[39mbody[3
3m.[39mpedido[33m.[39mid[33m;[39m
     [90m     |[39m                       
                                  
[31m[1m^[22m[39m
     [90m 160 |[39m
     [90m 161 |[39m       [90m// 2. 
Intentar eliminar con mesero[39m
     [90m 162 |[39m       [36mconst[39m 
response [33m=[39m [36mawait[39m 
request(app)[0m

      at Object.id 
(tests/pedidos.test.js:159:57)

  ÔùÅ Pedidos API ÔÇ║ DELETE /pedidos/:id 
ÔÇ║ deber├¡a eliminar un pedido con rol 
admin y responder con 200

    TypeError: Cannot read properties of 
undefined (reading 'id')

    [0m [90m 179 |[39m           
detalles[33m:[39m [{ 
platillo_id[33m:[39m 
platilloId[33m,[39m cantidad[33m:[39m 
[35m1[39m }]
     [90m 180 |[39m         })[33m;[39m
    [31m[1m>[22m[39m[90m 181 |[39m    
   [36mconst[39m pedidoCreadoId 
[33m=[39m nuevoPedidoRes[33m.[39mbody[3
3m.[39mpedido[33m.[39mid[33m;[39m
     [90m     |[39m                       
                                  
[31m[1m^[22m[39m
     [90m 182 |[39m
     [90m 183 |[39m       [90m// 2. 
Eliminar el pedido[39m
     [90m 184 |[39m       [36mconst[39m 
response [33m=[39m [36mawait[39m 
request(app)[0m

      at Object.id 
(tests/pedidos.test.js:181:57)

Test Suites: 1 failed, 1 total
Tests:       5 failed, 3 passed, 8 total
Snapshots:   0 total
Time:        4.262 s, estimated 5 s
Ran all test suites matching 
tests/pedidos.test.js.
